~~~~~~~~~~~~~~~~~~~~~~~~~~~~~~~~~~~~~~~~~~~~~~~~~~~~~~~~~~~~~~~~
[1mRight-Left Rotation[22m
~~~~~~~~~~~~~~~~~~~~~~~~~~~~~~~~~~~~~~~~~~~~~~~~~~~~~~~~~~~~~~~~
~[1mBefore[22m~
   3     
    \    
     8   

~[1mAfter insert([22m[1m6[22m[1m)[22m~
rotateRightLeft
rotateRight
rotateLeft
   6     
  / \    
 3   8   


