~~~~~~~~~~~~~~~~~~~~~~~~~~~~~~~~~~~~~~~~~~~~~~~~~~~~~~~~~~~~~~~~
[1mLeft Rotation[22m
~~~~~~~~~~~~~~~~~~~~~~~~~~~~~~~~~~~~~~~~~~~~~~~~~~~~~~~~~~~~~~~~
~[1mBefore[22m~
       4         
     /   \       
   2       6     
          / \    
         5   7   

~[1mAfter insert([22m[1m9[22m[1m)[22m~
rotateLeft
       6         
     /   \       
   4       7     
  / \       \    
 2   5       9   


