~~~~~~~~~~~~~~~~~~~~~~~~~~~~~~~~~~~~~~~~~~~~~~~~~~~~~~~~~~~~~~~~
[1mRight Rotation[22m
~~~~~~~~~~~~~~~~~~~~~~~~~~~~~~~~~~~~~~~~~~~~~~~~~~~~~~~~~~~~~~~~
~[1mBefore[22m~
       3         
     /   \       
   0       8     
          /      
         6       

~[1mAfter insert([22m[1m5[22m[1m)[22m~
rotateRight
       3         
     /   \       
   0       6     
          / \    
         5   8   


