~~~~~~~~~~~~~~~~~~~~~~~~~~~~~~~~~~~~~~~~~~~~~~~~~~~~~~~~~~~~~~~~
[1mLeft-Right Rotation[22m
~~~~~~~~~~~~~~~~~~~~~~~~~~~~~~~~~~~~~~~~~~~~~~~~~~~~~~~~~~~~~~~~
~[1mBefore[22m~
       5         
     /   \       
   1       8     
  / \            
 0   3           

~[1mAfter insert([22m[1m2[22m[1m)[22m~
rotateLeftRight
rotateLeft
rotateRight
       3         
     /   \       
   1       5     
  / \       \    
 0   2       8   


